// Jest Snapshot v1, https://goo.gl/fbAQLP

exports[`Portfolio Page should render correctly 1`] = `<PortfoliosPage />`;
