// Jest Snapshot v1, https://goo.gl/fbAQLP

exports[`Render AboutPage renders AboutPage component 1`] = `<AboutPage />`;
