// Jest Snapshot v1, https://goo.gl/fbAQLP

exports[`Render HomePage renders HomePage component 1`] = `<HomePage />`;
