// Jest Snapshot v1, https://goo.gl/fbAQLP

exports[`Render NotFoundPage renders NotFoundPage component 1`] = `<NotFoundPage />`;
