// Jest Snapshot v1, https://goo.gl/fbAQLP

exports[`ResumePage Page should render correctly 1`] = `<ResumePage />`;
