// Jest Snapshot v1, https://goo.gl/fbAQLP

exports[`ImageSection should render correctly 1`] = `<ImageSection />`;
