// Jest Snapshot v1, https://goo.gl/fbAQLP

exports[`InterestSection should render correctly 1`] = `<InterestsSection />`;
