// Jest Snapshot v1, https://goo.gl/fbAQLP

exports[`Menu should render correctly portfolio 1`] = `
<Menu
  menuItem={
    [
      {
          "Golang",
          "CodeCrafter",
        ],
        "image": {
          "blurDataURL": "data:image/png;base64,imagedata",
          "height": 40,
          "src": "/img.jpg",
          "width": 40,
        },
        "links": {
          "github": {
            "link": "https://github.com/Jh123x/codecrafters-interpreter-go",
            "tooltip": "Github Repository",
          },
        },
        "text": "A interpreter for Lox in Golang",
        "title": "Lox Interpreter",
      },
      {
        "categories": [
          "Typescript",
          "React",
        ],
        "image": {
          "blurDataURL": "data:image/png;base64,imagedata",
          "height": 40,
          "src": "/img.jpg",
          "width": 40,
        },
        "links": {
          "github": {
            "link": "https://github.com/Jh123x/SG-HYSA-Calculator",
            "tooltip": "Github",
          },
          "link": {
            "link": "https://hysa.jh123x.com/",
            "tooltip": "Official Website",
          },
        },
        "text": "A high yield savings accout calculator",
        "title": "HYSA Calculator",
      },
      {
        "categories": [
          "Typescript",
          "React",
          "Telegram",
        ],
        "image": {
          "blurDataURL": "data:image/png;base64,imagedata",
          "height": 40,
          "src": "/img.jpg",
          "width": 40,
        },
        "links": {
          "github": {
            "link": "https://github.com/Jh123x/telegram-bot-on-browser",
            "tooltip": "Github",
          },
          "link": {
            "link": "https://telebot.jh123x.com/",
            "tooltip": "Official Website",
          },
        },
        "text": "A telegram bot in browser",
        "title": "Browser Telebot",
      },
      {
        "categories": [
          "Golang",
        ],
        "image": {
          "blurDataURL": "data:image/png;base64,imagedata",
          "height": 40,
          "src": "/img.jpg",
          "width": 40,
        },
        "links": {
          "github": {
            "link": "https://github.com/Jh123x/buildergen/",
            "tooltip": "Github Repository",
          },
          "link": {
            "link": "https://portfolio.jh123x.com/buildergen/",
            "tooltip": "Official Documentation",
          },
        },
        "text": "A code generation tools to build",
        "title": "BuilderGen",
      },
      {
        "categories": [
          "Golang",
        ],
        "image": {
          "blurDataURL": "data:image/png;base64,imagedata",
          "height": 40,
          "src": "/img.jpg",
          "width": 40,
        },
        "links": {
          "github": {
            "link": "https://github.com/Jh123x/GoTest",
            "tooltip": "Github Repository",
          },
          "link": {
            "link": "https://portfolio.jh123x.com/GoTest/",
            "tooltip": "Official Documentation",
          },
        },
        "text": "A simple library for testing in Pure Go.",
        "title": "Go Test",
      },
      {
        "categories": [
          "python",
          "game",
        ],
        "image": {
          "blurDataURL": "data:image/png;base64,imagedata",
          "height": 40,
          "src": "/img.jpg",
          "width": 40,
        },
        "links": {
          "github": {
            "link": "https://github.com/Jh123x/Asteroids",
            "tooltip": "Github",
          },
        },
        "text": "An astroids game",
        "title": "Astroids Game",
      },
      {
        "categories": [
          "Hugo",
          "Markdown",
        ],
        "image": {
          "blurDataURL": "data:image/png;base64,imagedata",
          "height": 40,
          "src": "/img.jpg",
          "width": 40,
        },
        "links": {
          "link": {
            "link": "https://nus.jh123x.com/",
            "tooltip": "Website",
          },
        },
        "text": "A simple website for NUS students to find useful links and resources.",
        "title": "NUS Website",
      },
      {
        "categories": [
          "Golang",
        ],
        "image": {
          "blurDataURL": "data:image/png;base64,imagedata",
          "height": 40,
          "src": "/img.jpg",
          "width": 40,
        },
        "links": {
          "docs": {
            "link": "https://portfolio.jh123x.com/go-validate/",
            "tooltip": "Official Documentation",
          },
          "github": {
            "link": "https://github.com/Jh123x/go-validate",
            "tooltip": "GitHub Repository",
          },
          "link": {
            "link": "https://jh123x.com/projects/go-validate/",
            "tooltip": "Project Details",
          },
        },
        "text": "A simple library for validations in Pure Go.",
        "title": "Go Validate",
      },
      {
        "categories": [
          "Hugo",
          "Markdown",
        ],
        "image": {
          "blurDataURL": "data:image/png;base64,imagedata",
          "height": 40,
          "src": "/img.jpg",
          "width": 40,
        },
        "links": {
          "link": {
            "link": "https://jh123x.com",
            "tooltip": "Website",
          },
        },
        "text": "Created using Hugo",
        "title": "Blog Website",
      },
      {
        "categories": [
          "ReactJs",
          "Django",
          "Python",
          "PostgreSQL",
          "Docker",
          "Judge0",
        ],
        "image": {
          "blurDataURL": "data:image/png;base64,imagedata",
          "height": 40,
          "src": "/img.jpg",
          "width": 40,
        },
        "links": {
          "docs": {
            "link": "https://jh123x.com/projects/visualpython/",
            "tooltip": "Project Page",
          },
          "link": [
            {
              "link": "https://python.jh123x.com",
              "tooltip": "Test Development of the Project",
            },
            {
              "link": "https://visualpython.comp.nus.edu.sg/",
              "tooltip": "Production Deployment of the Project",
            },
          ],
        },
        "text": "A Visual Programming Platform for learning Python for my Final Year Project.",
        "title": "VisualPython",
      },
      {
        "categories": [
          "Go",
          "Shell",
        ],
        "image": {
          "blurDataURL": "data:image/png;base64,imagedata",
          "height": 40,
          "src": "/img.jpg",
          "width": 40,
        },
        "links": {
          "github": {
            "link": "https://github.com/Jh123x/go-shell",
            "tooltip": "GitHub Repository",
          },
          "link": {
            "link": "https://jh123x.com/projects/go-shell/",
            "tooltip": "Project Details",
          },
        },
        "text": "A simple shell written in Go, complete with unit tests and github actions pipelines.",
        "title": "Go Shell",
      },
      {
        "categories": [
          "Django",
          "ReactJs",
          "Python",
        ],
        "image": {
          "blurDataURL": "data:image/png;base64,imagedata",
          "height": 40,
          "src": "/img.jpg",
          "width": 40,
        },
        "links": {
          "github": {
            "link": "https://github.com/Orderonus",
            "tooltip": "GitHub Repository",
          },
          "link": {
            "link": "https://devpost.com/software/orderonus",
            "tooltip": "Devpost",
          },
        },
        "text": "It offers a queue management platform for all f&b admins running stalls. This was a project for Hack&Roll 2023",
        "title": "Orderonus",
      },
      {
        "categories": [
          "ReactJs",
          "NodeJs",
          "JavaScript",
          "Django",
        ],
        "image": {
          "blurDataURL": "data:image/png;base64,imagedata",
          "height": 40,
          "src": "/img.jpg",
          "width": 40,
        },
        "links": {
          "github": {
            "link": "https://github.com/KTV-Capoos",
            "tooltip": "GitHub Repository",
          },
          "link": {
            "link": "https://jh123x.com/projects/lifehack2022/",
            "tooltip": "Project Details",
          },
        },
        "text": "JioU is a simple, yet powerful, way to connect with others. Everyone can participate in events to help others.",
        "title": "JioU",
      },
      {
        "categories": [
          "Python",
          "PyAutoGui",
          "OCR",
        ],
        "image": {
          "blurDataURL": "data:image/png;base64,imagedata",
          "height": 40,
          "src": "/img.jpg",
          "width": 40,
        },
        "links": {
          "github": {
            "link": "https://github.com/Jh123x/Typeracer-bot",
            "tooltip": "GitHub Repository",
          },
          "link": {
            "link": "https://jh123x.com/projects/typeracer-bot/",
            "tooltip": "Project Details",
          },
        },
        "text": "A simple bot that plays typeracer for you very quickly.",
        "title": "Typeracer Bot",
      },
      {
        "categories": [
          "Python",
          "PyPDF2",
        ],
        "image": {
          "blurDataURL": "data:image/png;base64,imagedata",
          "height": 40,
          "src": "/img.jpg",
          "width": 40,
        },
        "links": {
          "github": {
            "link": "https://github.com/Jh123x/PDF-Combiner",
            "tooltip": "Github Repository",
          },
          "link": {
            "link": "https://jh123x.com/projects/pdf-combiner/",
            "tooltip": "Project Details",
          },
        },
        "text": "A simple CLI application that combines multiple PDF files into one.",
        "title": "PDF Combiner",
      },
      {
        "categories": [
          "ReactJs",
          "NodeJs",
          "JavaScript",
        ],
        "image": {
          "blurDataURL": "data:image/png;base64,imagedata",
          "height": 40,
          "src": "/img.jpg",
          "width": 40,
        },
        "links": {
          "github": {
            "link": "https://github.com/Jh123x/overwatch-tools",
            "tooltip": "GitHub Repository",
          },
          "link": {
            "link": "https://jh123x.com/projects/overwatch-tools/",
            "tooltip": "Project Details",
          },
        },
        "text": "A toolkit for Overwatch players.",
        "title": "Overwatch Toolkit",
      },
      {
        "categories": [
          "Python",
          "Alpha-Beta Pruning",
          "Minimax",
          "Monte Carlo",
        ],
        "image": {
          "blurDataURL": "data:image/png;base64,imagedata",
          "height": 40,
          "src": "/img.jpg",
          "width": 40,
        },
        "links": {
          "github": {
            "link": "https://github.com/Jh123x/Reversi-Simulator",
            "tooltip": "GitHub Repository",
          },
          "link": {
            "link": "https://jh123x.com/projects/reversi-simulator/",
            "tooltip": "Project Details",
          },
        },
        "text": "A game of reversi which includes a bot that plays Reversi (Othello) using Alpha-Beta Pruning, Minimax, and Monte Carlo.",
        "title": "Reversi Bot",
      },
      {
        "categories": [
          "Python",
          "Statistical Analysis",
        ],
        "image": {
          "blurDataURL": "data:image/png;base64,imagedata",
          "height": 40,
          "src": "/img.jpg",
          "width": 40,
        },
        "links": {
          "github": {
            "link": "https://github.com/Jh123x/Wordle-Solver",
            "tooltip": "GitHub Repository",
          },
          "link": {
            "link": "https://jh123x.com/projects/wordle-solver/",
            "tooltip": "Project Details",
          },
        },
        "text": "A simple CLI application that solves wordle puzzles with a GUI game",
        "title": "Wordle Solver",
      },
      {
        "categories": [
          "Python",
          "PyTorch",
          "Deep Learning",
        ],
        "image": {
          "blurDataURL": "data:image/png;base64,imagedata",
          "height": 40,
          "src": "/img.jpg",
          "width": 40,
        },
        "links": {
          "github": {
            "link": "https://github.com/COMP562-2022-Group-1",
            "tooltip": "GitHub Repository",
          },
          "link": [
            {
              "link": "https://comp562-2022-group-1.github.io/Model-Training/US2016_Elections_code.html",
              "tooltip": "Model Training and evaluation",
            },
            {
              "link": "https://comp562-2022-group-1.github.io/",
              "tooltip": "Project Page",
            },
          ],
        },
        "text": "A project for COMP562: Introduction to Machine Learning",
        "title": "COMP562 Project",
      },
      {
        "categories": [
          "ReactJs",
          "NodeJs",
          "JavaScript",
          "Microservices",
          "Golang",
          "Docker",
          "Kubernetes",
        ],
        "image": {
          "blurDataURL": "data:image/png;base64,imagedata",
          "height": 40,
          "src": "/img.jpg",
          "width": 40,
        },
        "links": {
          "github": {
            "link": "https://github.com/CodeToGather/",
            "tooltip": "GitHub Repository",
          },
        },
        "text": "A platform for developers to collaborate on code. This was completed as a CS3219 Project",
        "title": "Code2Gather",
      },
      {
        "categories": [
          "Java",
          "Maven",
          "Software Engineering",
        ],
        "image": {
          "blurDataURL": "data:image/png;base64,imagedata",
          "height": 40,
          "src": "/img.jpg",
          "width": 40,
        },
        "links": {
          "github": {
            "link": "https://github.com/AY2021S1-CS2103T-W17-3",
            "tooltip": "GitHub Repository",
          },
        },
        "text": "McGymmy is a CLI based application for sedentary software engineers to manage their diet and stay healthy. This is completed as a CS2103T Project",
        "title": "McGymmy",
      },
      {
        "categories": [
          "Python",
          "Flask",
          "Docker",
          "Server Side Request Forgery",
        ],
        "image": {
          "blurDataURL": "data:image/png;base64,imagedata",
          "height": 40,
          "src": "/img.jpg",
          "width": 40,
        },
        "links": {
          "github": {
            "link": "https://github.com/orgs/CS4239-U6",
            "tooltip": "GitHub Repository",
          },
          "link": {
            "link": "https://jh123x.com/projects/ssrf-research/",
            "tooltip": "Project Details",
          },
        },
        "text": "A research project on Server Side Request Forgery. This was completed as a CS4239 Project",
        "title": "CS4239 Server Side Request Forgery Research",
      },
      {
        "categories": [
          "Python",
          "React Native",
          "IoT",
        ],
        "image": {
          "blurDataURL": "data:image/png;base64,imagedata",
          "height": 40,
          "src": "/img.jpg",
          "width": 40,
        },
        "links": {
          "github": {
            "link": "https://github.com/tinyurl-com-ItsBigBrainTimeXD",
            "tooltip": "GitHub Repository",
          },
          "link": [
            {
              "link": "https://devpost.com/software/not-schrodinger-s-box",
              "tooltip": "Devpost",
            },
            {
              "link": "https://jh123x.com/projects/hacknroll2022/",
              "tooltip": "Project Details",
            },
          ],
        },
        "text": "Ever had a problem with having too many items? Sometimes we do not know where everything is and they have become Schrödinger's items. NOT Schrödinger's Box is our way of tackling this issue. A project for Hack&Roll 2021.",
        "title": "NOT Schrödinger's Box",
      },
    ]
  }
/>
`;
