// Jest Snapshot v1, https://goo.gl/fbAQLP

exports[`Particle should render correctly 1`] = `<Particle />`;
