// Jest Snapshot v1, https://goo.gl/fbAQLP

exports[`Primary Button should render correctly 1`] = `
<PrimaryButton
  title="Test Title"
/>
`;
