// Jest Snapshot v1, https://goo.gl/fbAQLP

exports[`Resume should render correctly 1`] = `<Resume />`;
