// Jest Snapshot v1, https://goo.gl/fbAQLP

exports[`Skills should render correctly 1`] = `<Skills />`;
