// Jest Snapshot v1, https://goo.gl/fbAQLP

exports[`Title should render correctly 1`] = `
<Title
  span="Test Span"
  title="Test Title"
/>
`;
