// Jest Snapshot v1, https://goo.gl/fbAQLP

exports[`GlobalStyle should render correctly 1`] = `<Memo(a) />`;
