// Jest Snapshot v1, https://goo.gl/fbAQLP

exports[`InnerLayout should render correctly 1`] = `<styled.div />`;

exports[`MainLayout should render correctly 1`] = `<styled.div />`;
