// Jest Snapshot v1, https://goo.gl/fbAQLP

exports[`Render App renders App component 1`] = `<App />`;
